[0m[[0m[0mdebug[0m] [0m[0m> Exec(early(addDefaultCommands), None, None)[0m
[0m[[0m[0mdebug[0m] [0m[0m> Exec(addDefaultCommands, None, None)[0m
[0m[[0m[0mdebug[0m] [0m[0m> Exec(early(initialize), None, None)[0m
[0m[[0m[0mdebug[0m] [0m[0m> Exec(initialize, None, None)[0m
[0m[[0m[0mdebug[0m] [0m[0m> Exec(boot, None, None)[0m
[0m[[0m[0mdebug[0m] [0m[0m> Exec(writeSbtVersion, None, None)[0m
[0m[[0m[0mdebug[0m] [0m[0m> Exec(reload, None, None)[0m
[0m[[0m[0mdebug[0m] [0m[0m> Exec(sbtStashOnFailure, None, None)[0m
[0m[[0m[0mdebug[0m] [0m[0m> Exec(onFailure loadFailed, None, None)[0m
[0m[[0m[0mdebug[0m] [0m[0m> Exec(loadp, None, None)[0m
[0m[[0m[0minfo[0m] [0m[0mwelcome to sbt 1.10.2 (Arch Linux Java 17.0.19)[0m
[0m[[0m[0mdebug[0m] [0m[0mLoad.defaultLoad until apply took 93.711362ms[0m
[0m[[0m[0mdebug[0m] [0m[0m          Load.loadUnit: plugins took 67.492869ms[0m
[0m[[0m[0mdebug[0m] [0m[0m          Load.loadUnit: defsScala took 0.33316ms[0m
[0m[[0m[0mdebug[0m] [0m[0m[Loading] Scanning directory /home/lucas/Documentos/NotasDeLucas/UNS/LenguajesDeProgramacion/Proyectos/Promo/Etapa 2/Desarrollo/project[0m
[0m[[0m[0mdebug[0m] [0m[0m[Loading] Found non-root projects [0m
[0m[[0m[0mdebug[0m] [0m[0m[Loading] Done in /home/lucas/Documentos/NotasDeLucas/UNS/LenguajesDeProgramacion/Proyectos/Promo/Etapa 2/Desarrollo/project, returning: ()[0m
[0m[[0m[0mdebug[0m] [0m[0mdeducing auto plugins based on known facts Set(Atom(sbt.plugins.CorePlugin)) and clauses Clauses(Clause(Atom(sbt.plugins.JvmPlugin),Set(Atom(sbt.plugins.IvyPlugin)))[0m
[0m[[0m[0mdebug[0m] [0m[0mClause(Atom(sbt.ScriptedPlugin),Set(Atom(sbt.plugins.JvmPlugin)))[0m
[0m[[0m[0mdebug[0m] [0m[0mClause(Atom(sbt.plugins.SbtPlugin),Set(Atom(sbt.ScriptedPlugin)))[0m
[0m[[0m[0mdebug[0m] [0m[0mClause(Atom(sbt.plugins.SemanticdbPlugin),Set(Atom(sbt.plugins.JvmPlugin)))[0m
[0m[[0m[0mdebug[0m] [0m[0mClause(Atom(sbt.plugins.JUnitXmlReportPlugin),Set(Atom(sbt.plugins.JvmPlugin)))[0m
[0m[[0m[0mdebug[0m] [0m[0mClause(Atom(sbt.plugins.MiniDependencyTreePlugin),Set(Atom(sbt.plugins.JvmPlugin)))[0m
[0m[[0m[0mdebug[0m] [0m[0mClause(Atom(sbt.plugins.CorePlugin),Set(Atom(sbt.plugins.IvyPlugin)))[0m
[0m[[0m[0mdebug[0m] [0m[0mClause(Atom(sbt.plugins.IvyPlugin),Set(Atom(sbt.plugins.JvmPlugin)))[0m
[0m[[0m[0mdebug[0m] [0m[0mClause(Atom(sbt.plugins.JvmPlugin),Set(Atom(sbt.plugins.SemanticdbPlugin)))[0m
[0m[[0m[0mdebug[0m] [0m[0mClause(Atom(sbt.plugins.JvmPlugin),Set(Atom(sbt.plugins.JUnitXmlReportPlugin)))[0m
[0m[[0m[0mdebug[0m] [0m[0mClause(Atom(sbt.plugins.CorePlugin),Set(Atom(sbt.plugins.Giter8TemplatePlugin)))[0m
[0m[[0m[0mdebug[0m] [0m[0mClause(Atom(sbt.plugins.JvmPlugin),Set(Atom(sbt.plugins.MiniDependencyTreePlugin))))[0m
[0m[[0m[0mdebug[0m] [0m[0m  :: deduced result: Matched(sbt.plugins.CorePlugin,sbt.plugins.Giter8TemplatePlugin,sbt.plugins.IvyPlugin,sbt.plugins.JvmPlugin,sbt.plugins.MiniDependencyTreePlugin,sbt.plugins.JUnitXmlReportPlugin,sbt.plugins.SemanticdbPlugin)[0m
[0m[[0m[0mdebug[0m] [0m[0mPlugins.deducer#function took 22.361932 ms[0m
[0m[[0m[0mdebug[0m] [0m[0m              Load.resolveProject(desarrollo-build) took 56.868776ms[0m
[0m[[0m[0mdebug[0m] [0m[0m            Load.loadTransitive: finalizeProject(Project(id desarrollo-build, base: /home/lucas/Documentos/NotasDeLucas/UNS/LenguajesDeProgramacion/Proyectos/Promo/Etapa 2/Desarrollo/project, plugins: List(<none>))) took 100.286377ms[0m
[0m[[0m[0mdebug[0m] [0m[0m[Loading] Done in /home/lucas/Documentos/NotasDeLucas/UNS/LenguajesDeProgramacion/Proyectos/Promo/Etapa 2/Desarrollo/project, returning: (desarrollo-build)[0m
[0m[[0m[0mdebug[0m] [0m[0m          Load.loadUnit: loadedProjectsRaw took 129.439541ms[0m
[0m[[0m[0mdebug[0m] [0m[0m          Load.loadUnit: cleanEvalClasses took 0.279787ms[0m
[0m[[0m[0mdebug[0m] [0m[0m        Load.loadUnit(file:/home/lucas/Documentos/NotasDeLucas/UNS/LenguajesDeProgramacion/Proyectos/Promo/Etapa%202/Desarrollo/project/, ...) took 205.204915ms[0m
[0m[[0m[0mdebug[0m] [0m[0m      Load.apply: load took 474.275376ms[0m
[0m[[0m[0mdebug[0m] [0m[0m      Load.apply: resolveProjects took 8.391093ms[0m
[0m[[0m[0mdebug[0m] [0m[0m      Load.apply: finalTransforms took 91.673309ms[0m
[0m[[0m[0mdebug[0m] [0m[0m      Load.apply: config.delegates took 6.865448ms[0m
[0m[[0m[0mdebug[0m] [0m[0m      Load.apply: Def.make(settings)... took 586.04079ms[0m
[0m[[0m[0mdebug[0m] [0m[0m      Load.apply: structureIndex took 166.804903ms[0m
[0m[[0m[0mdebug[0m] [0m[0m      Load.apply: mkStreams took 1.079108ms[0m
[0m[[0m[0minfo[0m] [0m[0mloading project definition from /home/lucas/Documentos/NotasDeLucas/UNS/LenguajesDeProgramacion/Proyectos/Promo/Etapa 2/Desarrollo/project[0m
[0m[[0m[0mdebug[0m] [0m[0mRunning task... Cancel: Signal, check cycles: false, forcegc: true[0m
[0m[[0m[0mdebug[0m] [0m[0m    Load.loadUnit: plugins took 2178.878743ms[0m
[0m[[0m[0mdebug[0m] [0m[0m    Load.loadUnit: defsScala took 0.003636ms[0m
[0m[[0m[0mdebug[0m] [0m[0m[Loading] Scanning directory /home/lucas/Documentos/NotasDeLucas/UNS/LenguajesDeProgramacion/Proyectos/Promo/Etapa 2/Desarrollo[0m
[0m[[0m[0mdebug[0m] [0m[0m      Load.loadUnit: mkEval took 4.167891ms[0m
[0m[[0m[0mdebug[0m] [0m[0m[Loading] Found non-root projects [0m
[0m[[0m[0mdebug[0m] [0m[0m[Loading] Done in /home/lucas/Documentos/NotasDeLucas/UNS/LenguajesDeProgramacion/Proyectos/Promo/Etapa 2/Desarrollo, returning: ()[0m
[0m[[0m[0mdebug[0m] [0m[0mdeducing auto plugins based on known facts Set(Atom(sbt.plugins.CorePlugin)) and clauses Clauses(Clause(Atom(sbt.plugins.JvmPlugin),Set(Atom(sbt.plugins.IvyPlugin)))[0m
[0m[[0m[0mdebug[0m] [0m[0mClause(Atom(sbt.ScriptedPlugin),Set(Atom(sbt.plugins.JvmPlugin)))[0m
[0m[[0m[0mdebug[0m] [0m[0mClause(Atom(sbt.plugins.SbtPlugin),Set(Atom(sbt.ScriptedPlugin)))[0m
[0m[[0m[0mdebug[0m] [0m[0mClause(Atom(sbt.plugins.SemanticdbPlugin),Set(Atom(sbt.plugins.JvmPlugin)))[0m
[0m[[0m[0mdebug[0m] [0m[0mClause(Atom(sbt.plugins.JUnitXmlReportPlugin),Set(Atom(sbt.plugins.JvmPlugin)))[0m
[0m[[0m[0mdebug[0m] [0m[0mClause(Atom(sbt.plugins.MiniDependencyTreePlugin),Set(Atom(sbt.plugins.JvmPlugin)))[0m
[0m[[0m[0mdebug[0m] [0m[0mClause(Atom(sbt.plugins.CorePlugin),Set(Atom(sbt.plugins.IvyPlugin)))[0m
[0m[[0m[0mdebug[0m] [0m[0mClause(Atom(sbt.plugins.IvyPlugin),Set(Atom(sbt.plugins.JvmPlugin)))[0m
[0m[[0m[0mdebug[0m] [0m[0mClause(Atom(sbt.plugins.JvmPlugin),Set(Atom(sbt.plugins.SemanticdbPlugin)))[0m
[0m[[0m[0mdebug[0m] [0m[0mClause(Atom(sbt.plugins.JvmPlugin),Set(Atom(sbt.plugins.JUnitXmlReportPlugin)))[0m
[0m[[0m[0mdebug[0m] [0m[0mClause(Atom(sbt.plugins.CorePlugin),Set(Atom(sbt.plugins.Giter8TemplatePlugin)))[0m
[0m[[0m[0mdebug[0m] [0m[0mClause(Atom(sbt.plugins.JvmPlugin),Set(Atom(sbt.plugins.MiniDependencyTreePlugin))))[0m
[0m[[0m[0mdebug[0m] [0m[0m  :: deduced result: Matched(sbt.plugins.CorePlugin,sbt.plugins.Giter8TemplatePlugin,sbt.plugins.IvyPlugin,sbt.plugins.JvmPlugin,sbt.plugins.MiniDependencyTreePlugin,sbt.plugins.JUnitXmlReportPlugin,sbt.plugins.SemanticdbPlugin)[0m
[0m[[0m[0mdebug[0m] [0m[0mPlugins.deducer#function took 2.17355 ms[0m
[0m[[0m[0minfo[0m] [0m[0mloading settings for project desarrollo from build.sbt ...[0m
[0m[[0m[0mdebug[0m] [0m[0m        Load.resolveProject(desarrollo) took 6.006332ms[0m
[0m[[0m[0mdebug[0m] [0m[0m      Load.loadTransitive: finalizeProject(Project(id desarrollo, base: /home/lucas/Documentos/NotasDeLucas/UNS/LenguajesDeProgramacion/Proyectos/Promo/Etapa 2/Desarrollo, plugins: List(<none>))) took 8.863064ms[0m
[0m[[0m[0mdebug[0m] [0m[0m[Loading] Done in /home/lucas/Documentos/NotasDeLucas/UNS/LenguajesDeProgramacion/Proyectos/Promo/Etapa 2/Desarrollo, returning: (desarrollo)[0m
[0m[[0m[0mdebug[0m] [0m[0m    Load.loadUnit: loadedProjectsRaw took 106.781013ms[0m
[0m[[0m[0mdebug[0m] [0m[0m    Load.loadUnit: cleanEvalClasses took 3.553218ms[0m
[0m[[0m[0mdebug[0m] [0m[0m  Load.loadUnit(file:/home/lucas/Documentos/NotasDeLucas/UNS/LenguajesDeProgramacion/Proyectos/Promo/Etapa%202/Desarrollo/, ...) took 2290.488596ms[0m
[0m[[0m[0mdebug[0m] [0m[0mLoad.apply: load took 2307.570198ms[0m
[0m[[0m[0mdebug[0m] [0m[0mLoad.apply: resolveProjects took 0.149841ms[0m
[0m[[0m[0mdebug[0m] [0m[0mLoad.apply: finalTransforms took 11.084413ms[0m
[0m[[0m[0mdebug[0m] [0m[0mLoad.apply: config.delegates took 0.461715ms[0m
[0m[[0m[0mdebug[0m] [0m[0mLoad.apply: Def.make(settings)... took 87.139656ms[0m
[0m[[0m[0mdebug[0m] [0m[0mLoad.apply: structureIndex took 35.176295ms[0m
[0m[[0m[0mdebug[0m] [0m[0mLoad.apply: mkStreams took 0.003525ms[0m
[0m[[0m[0minfo[0m] [0m[0mset current project to tfidf-summarizer (in build file:/home/lucas/Documentos/NotasDeLucas/UNS/LenguajesDeProgramacion/Proyectos/Promo/Etapa%202/Desarrollo/)[0m
[0m[[0m[0mdebug[0m] [0m[0m> Exec(sbtPopOnFailure, None, None)[0m
[0m[[0m[0mdebug[0m] [0m[0m> Exec(resumeFromFailure, None, None)[0m
[0m[[0m[0mdebug[0m] [0m[0m> Exec(notifyUsersAboutShell, None, None)[0m
[0m[[0m[0mdebug[0m] [0m[0m> Exec(iflast shell, None, None)[0m
[0m[[0m[0mdebug[0m] [0m[0m> Exec(run /home/lucas/Documentos/NotasDeLucas/UNS/LenguajesDeProgramacion/Proyectos/Promo/Etapa 2/Desarrollo/TestsCatedra, None, None)[0m
[0m[[0m[0mdebug[0m] [0m[0mEvaluating tasks: Compile / run[0m
[0m[[0m[0mdebug[0m] [0m[0mRunning task... Cancel: Signal, check cycles: false, forcegc: true[0m
[0m[[0m[0minfo[0m] [0m[0mUpdating temp-module-f02db565ec103839151504cb68a2a8c6f03e291a[0m
[0m[[0m[0minfo[0m] [0m[0mResolved temp-module-f02db565ec103839151504cb68a2a8c6f03e291a dependencies[0m
[0m[[0m[0minfo[0m] [0m[0mFetching artifacts of temp-module-f02db565ec103839151504cb68a2a8c6f03e291a[0m
[0m[[0m[0minfo[0m] [0m[0mFetched artifacts of temp-module-f02db565ec103839151504cb68a2a8c6f03e291a[0m
[0m[[0m[0minfo[0m] [0m[0mUpdating tfidf-summarizer_3[0m
[0m[[0m[0minfo[0m] [0m[0mResolved tfidf-summarizer_3 dependencies[0m
[0m[[0m[0minfo[0m] [0m[0mUpdating tfidf-summarizer_3[0m
[0m[[0m[0minfo[0m] [0m[0mResolved tfidf-summarizer_3 dependencies[0m
[0m[[0m[0minfo[0m] [0m[0mUpdating tfidf-summarizer_3[0m
[0m[[0m[0minfo[0m] [0m[0mResolved tfidf-summarizer_3 dependencies[0m
[0m[[0m[0minfo[0m] [0m[0mFetching artifacts of tfidf-summarizer_3[0m
[0m[[0m[0minfo[0m] [0m[0mFetched artifacts of tfidf-summarizer_3[0m
[0m[[0m[0minfo[0m] [0m[0mcompiling 4 Scala sources to /home/lucas/Documentos/NotasDeLucas/UNS/LenguajesDeProgramacion/Proyectos/Promo/Etapa 2/Desarrollo/target/scala-3.3.3/classes ...[0m
